128.125.154.1 blabla OKok
